{
 "fits":{
   "Clade model C":{
     "Class 1 omega":0.009161794628901657,
     "Class 1 weight":0.7231939300038812,
     "Class 2 omega":1,
     "Class 2 weight":0.04858927287635557,
     "Class 3 omega BG":0.1904508034492392,
     "Class 3 omega FG":0.4607182409465942,
     "Class 3 weight":0.2282167971197632,
     "Log Likelihood":-34605.17338143956
    },
   "M1a model":{
     "Class 1 omega":0.0399030441257022,
     "Class 1 weight":0.899997084648124,
     "Class 2 omega":1,
     "Class 2 weight":0.100002915351876,
     "Class 3 omega BG":1,
     "Class 3 omega FG":1,
     "Class 3 weight":0,
     "Log Likelihood":-34886.45277016787
    },
   "M2_rel model":{
     "Class 1 omega":0.008679746106699873,
     "Class 1 weight":0.7162984410300056,
     "Class 2 omega":1,
     "Class 2 weight":0.0517469309924278,
     "Class 3 omega BG":0.19696209875071,
     "Class 3 omega FG":0.19696209875071,
     "Class 3 weight":0.2319546279775666,
     "Log Likelihood":-34620.64384630061
    }
  },
 "test results":{
   "Clade C model|M1a":{
     "LRT":69772.90554033575,
     "p-value":0
    },
   "Clade C model|M2_rel":{
     "LRT":69241.28769260121,
     "p-value":0
    }
  }
}